XScreen  12
YScreen  6
XStart   140
YStart   180
          0           1           2           3           4           5           6           7           8           9          10          11          12          13          14          15
  0   TrollGray   TrollGray   TrollGray   TrollGray   TrollGray   TrollGray   TrollGray   TrollGray   TrollGray   TrollGray   TrollGray   TrollGray   TrollGray   TrollGray   TrollGray   TrollGray
  1   TrollGray   TrollGray   TrollGray   TrollGray   TrollGray   TrollGray   TrollGray   TrollGray   TrollGray   TrollGray   TrollGray   TrollGray   TrollGray   TrollGray   TrollGray   TrollGray
  2   TrollGray   TrollGray   TrollGray   TrollGray   TrollGray   TrollGray   TrollGray   TrollGray   TrollGray   TrollGray   TrollGray   TrollGray   TrollGray   TrollGray   TrollGray   TrollGray
  3   TrollGray   TrollGray   TrollGray   TrollGray   TrollGray   TrollGray   TrollGray   TrollGray   TrollGray   TrollGray   TrollGray   TrollGray   TrollGray   TrollGray   TrollGray   TrollGray
  4   TrollGray   TrollGray   TrollGray   TrollGray   TrollGray   TrollGray   TrollGray   TrollGray   TrollGray   TrollGray   TrollGray   TrollGray   TrollGray   TrollGray   TrollGray   TrollGray
  5   TrollGray   TrollGray   TrollGray   TrollGray   TrollGray   TrollGray   TrollGray   TrollGray   TrollGray   TrollGray   TrollGray   TrollGray   TrollGray   TrollGray   TrollGray   TrollGray
  6   TrollGray   TrollGray   TrollGray   TrollGray   TrollGray   TrollGray   TrollGray   TrollGray   TrollGray   TrollGray   TrollGray   TrollGray   TrollGray   TrollGray   TrollGray   TrollGray
  7   TrollGray   TrollGray   TrollGray   TrollGray   TrollGray   TrollGray   TrollGray   TrollGray   TrollGray   TrollGray   TrollGray   TrollGray   TrollGray   TrollGray   TrollGray   TrollGray
          0           1           2           3           4           5           6           7           8           9          10          11          12          13          14          15
  0     blank       blank       blank       blank       blank       blank       blank       blank       blank       blank       blank       blank       blank       blank       blank       blank
  1     blank       blank       blank       blank       blank       blank       blank       blank       blank       blank       blank       blank       blank       blank       blank       blank
  2     blank       blank       blank       blank       blank       blank       blank       blank       blank       blank       blank       blank       blank       blank       blank       blank
  3     blank       blank       blank       blank       blank       blank       blank       blank       blank       blank       blank       blank       blank       blank       blank       blank
  4     blank       blank       blank       blank       blank       blank       blank       blank       blank       blank       blank       blank       blank       blank       blank       blank
  5     blank       blank       blank       blank       blank       blank       blank       blank       blank       blank       blank       blank       shop1       blank       blank       blank
  6     blank       blank       blank       blank       blank       blank       blank       blank       blank       blank       blank       blank     swordroom     blank       blank       blank
  7     blank       blank       blank       blank       blank       blank       blank       blank       blank       blank       blank       blank       blank       blank       blank       blank

