XScreen  6
YScreen  7
XStart   140
YStart   180
          0           1           2           3           4           5           6           7           8           9          10          11          12          13          14          15
  0     Black       Black       Black       Black       Black       Black       Black       Black       Black       Black       Black       Black       Black       Black       Black       Black
  1     Black       Black       Black       Black       Black       Black       Black       Black       Black       Black       Black       Black       Black       Black       Black       Black
  2     Black       Black       Black       Black       Black       Black       Black       Black       Black       Black       Black       Black       Black       Black       Black       Black
  3     Black       Black       Black       Black       Black       Black       Black       Black       Black       Black       Black       Black       Black       Black       Black       Black
  4     Black       Black       Black       Black       Black       Black     TrollGray     Black       Black       Black       Black       Black       Black       Black       Black       Black
  5     Black       Black       Black       Black       Black     TrollGray   TrollGray   TrollGray     Black       Black       Black       Black       Black       Black       Black       Black
  6     Black       Black       Black       Black     TrollGray   TrollGray   TrollGray   TrollGray   TrollGray     Black       Black       Black       Black       Black       Black       Black
  7     Black       Black       Black     TrollGray   TrollGray   TrollGray   TrollGray   TrollGray   TrollGray   TrollGray     Black       Black       Black       Black       Black       Black
          0           1           2           3           4           5           6           7           8           9          10          11          12          13          14          15
  0     blank       blank       blank       blank       blank       blank       blank       blank       blank       blank       blank       blank       blank       blank       blank       blank
  1     blank       blank       blank       blank       blank       blank       blank       blank       blank       blank       blank       blank       blank       blank       blank       blank
  2     blank       blank       blank       blank       blank       blank       blank       blank       blank       blank       blank       blank       blank       blank       blank       blank
  3     blank       blank       blank       blank       blank       blank       blank       blank       blank       blank       blank       blank       blank       blank       blank       blank
  4     blank       blank       blank       blank       blank       blank      anhkroom     blank       blank       blank       blank       blank       blank       blank       blank       blank
  5     blank       blank       blank       blank       blank      hintroom    bossroom   swordroom     blank       blank       blank       blank       blank       blank       blank       blank
  6     blank       blank       blank       blank      room2x2     room2x3     room2x4     room2x5     room2x6      blank       blank       blank       blank       blank       blank       blank
  7     blank       blank       blank      maproom     room1x2     room1x3    startroom    room1x5     room1x6     room1x7      blank       blank       blank       blank       blank       blank

